// 同步 ID: fc3b7fc8 @ Sun Jul 26 02:53:52 UTC 2026
// 同步 ID: a4e96a23 @ Mon Jul 27 10:43:56 UTC 2026
// 同步 ID: 16aa3bc4 @ Tue Jul 28 16:27:56 UTC 2026
// 同步 ID: 721d19e9 @ Wed Jul 29 06:59:02 UTC 2026
// 重构日志: 1ba5d112
// 重构日志: 09d58fde
// 重构日志: 850c9f33
// 同步 ID: eaaa99ce @ Wed Jul 29 22:42:15 UTC 2026
// 同步 ID: 208b63e0 @ Wed Jul 29 23:00:47 UTC 2026
// 重构日志: 5164cb38
// 重构日志: d2ef5a5e
// 重构日志: 3bfcd5cb
// 重构日志: 25a63505
// 重构日志: 682e7520
// 重构日志: 8882ded2
// 重构日志: 0ad2577f
// 重构日志: 10789a3a
// 重构日志: 53aff538
// 重构日志: 5f95f832
// 重构日志: 6579a07e
// 同步 ID: 13453820 @ Mon Aug  3 03:11:00 UTC 2026
// 同步 ID: fbefec73 @ Mon Aug  3 06:28:31 UTC 2026
// 同步 ID: 8b250d0f @ Mon Aug  3 11:30:00 UTC 2026
// 同步 ID: 85725beb @ Mon Aug  3 16:38:01 UTC 2026
// 同步 ID: 591c0558 @ Tue Aug  4 05:10:28 UTC 2026
// 重构日志: 3b66aa70
// 重构日志: 64f1486b
// 同步 ID: d34b34a7 @ Wed Aug  5 06:18:28 UTC 2026
// 同步 ID: f5be6278 @ Wed Aug  5 18:01:47 UTC 2026
// 同步 ID: 332ede7a @ Thu Aug  6 06:04:31 UTC 2026
// 重构日志: b612e83d
